Started by user [8mha:////4HaMDvYxslPpcQ293UE3BL/DIMl0FEJaNBSUEoF7d+OgAAAAmh+LCAAAAAAAAP9b85aBtbiIQTGjNKU4P08vOT+vOD8nVc83PyU1x6OyILUoJzMv2y+/JJUBAhiZGBgqihhk0NSjKDWzXb3RdlLBUSYGJk8GtpzUvPSSDB8G5tKinBIGIZ+sxLJE/ZzEvHT94JKizLx0a6BxUmjGOUNodHsLgAyREgY+/dLi1CL97KLM4ozEvBIA+facTcMAAAA=[0mKrishant Shrivastava
[Wed Mar 11 06:23:30 UTC 2026] Starting branch indexing...
 > git --version # timeout=10
 > git --version # 'git version 2.43.0'
 > git ls-remote --symref -- https://github.com/krishant590/Boardgame-main-Working.git # timeout=10
 > git rev-parse --resolve-git-dir /var/lib/jenkins/caches/git-648cf6f7f5bb1a56fa8aa5baa7e5260e/.git # timeout=10
Setting origin to https://github.com/krishant590/Boardgame-main-Working.git
 > git config remote.origin.url https://github.com/krishant590/Boardgame-main-Working.git # timeout=10
Fetching & pruning origin...
Listing remote references...
 > git config --get remote.origin.url # timeout=10
 > git --version # timeout=10
 > git --version # 'git version 2.43.0'
 > git ls-remote -h -- https://github.com/krishant590/Boardgame-main-Working.git # timeout=10
Fetching upstream changes from origin
 > git config --get remote.origin.url # timeout=10
 > git fetch --no-tags --force --progress --prune -- origin +refs/heads/*:refs/remotes/origin/* # timeout=10
Checking branches...
  Checking branch prod
      ‘Jenkinsfile’ found
    Met criteria
No changes detected: prod (still at 39f5d5d9455025eec0ad733cd24e7df2f8f5429b)
  Checking branch Bugfix
      ‘Jenkinsfile’ not found
    Does not meet criteria
  Checking branch QA
      ‘Jenkinsfile’ not found
    Does not meet criteria
  Checking branch main
      ‘Jenkinsfile’ found
    Met criteria
No changes detected: main (still at 39f5d5d9455025eec0ad733cd24e7df2f8f5429b)
  Checking branch dev
      ‘Jenkinsfile’ found
    Met criteria
No changes detected: dev (still at 39f5d5d9455025eec0ad733cd24e7df2f8f5429b)
Processed 5 branches
[Wed Mar 11 06:23:31 UTC 2026] Finished branch indexing. Indexing took 1.1 sec
Finished: SUCCESS
